ERC report (2025-03-07T20:26:39-0800, Encoding UTF8)

***** Sheet /
[lib_symbol_mismatch]: Symbol 'GND' doesn't match copy in library 'power'
    ; warning
    @(1850 mils, 6100 mils): Symbol #PWR067 [GND]
[lib_symbol_mismatch]: Symbol '54' doesn't match copy in library '54'
    ; warning
    @(6850 mils, 4600 mils): Symbol BT9 [54]
[lib_symbol_mismatch]: Symbol '54' doesn't match copy in library '54'
    ; warning
    @(6000 mils, 4600 mils): Symbol BT1 [54]
[lib_symbol_mismatch]: Symbol '54' doesn't match copy in library '54'
    ; warning
    @(6000 mils, 4850 mils): Symbol BT2 [54]
[lib_symbol_mismatch]: Symbol '54' doesn't match copy in library '54'
    ; warning
    @(6000 mils, 6250 mils): Symbol BT6 [54]
[lib_symbol_mismatch]: Symbol '54' doesn't match copy in library '54'
    ; warning
    @(6000 mils, 5950 mils): Symbol BT7 [54]
[lib_symbol_mismatch]: Symbol '54' doesn't match copy in library '54'
    ; warning
    @(6850 mils, 5700 mils): Symbol BT13 [54]
[lib_symbol_mismatch]: Symbol '54' doesn't match copy in library '54'
    ; warning
    @(6850 mils, 5950 mils): Symbol BT14 [54]
[lib_symbol_mismatch]: Symbol '54' doesn't match copy in library '54'
    ; warning
    @(6850 mils, 6250 mils): Symbol BT15 [54]
[lib_symbol_mismatch]: Symbol '54' doesn't match copy in library '54'
    ; warning
    @(6000 mils, 6500 mils): Symbol BT8 [54]
[lib_symbol_mismatch]: Symbol '54' doesn't match copy in library '54'
    ; warning
    @(6850 mils, 6500 mils): Symbol BT16 [54]
[lib_symbol_mismatch]: Symbol '54' doesn't match copy in library '54'
    ; warning
    @(6000 mils, 5700 mils): Symbol BT5 [54]
[lib_symbol_mismatch]: Symbol '54' doesn't match copy in library '54'
    ; warning
    @(6850 mils, 4850 mils): Symbol BT10 [54]
[lib_symbol_mismatch]: Symbol '54' doesn't match copy in library '54'
    ; warning
    @(6850 mils, 5400 mils): Symbol BT12 [54]
[lib_symbol_mismatch]: Symbol '54' doesn't match copy in library '54'
    ; warning
    @(6850 mils, 5150 mils): Symbol BT11 [54]
[lib_symbol_mismatch]: Symbol '54' doesn't match copy in library '54'
    ; warning
    @(6000 mils, 5400 mils): Symbol BT4 [54]
[lib_symbol_mismatch]: Symbol '54' doesn't match copy in library '54'
    ; warning
    @(6000 mils, 5150 mils): Symbol BT3 [54]

***** Sheet /Keyboard/
[lib_symbol_issues]: The current configuration does not include the symbol library 'ScottoKeebs'
    ; warning
    @(4300 mils, 2550 mils): Symbol S36 [Placeholder_Keyswitch]
[lib_symbol_issues]: The current configuration does not include the symbol library 'ScottoKeebs'
    ; warning
    @(3100 mils, 2550 mils): Symbol S33 [Placeholder_Keyswitch]
[lib_symbol_issues]: The current configuration does not include the symbol library 'ScottoKeebs'
    ; warning
    @(3500 mils, 2550 mils): Symbol S34 [Placeholder_Keyswitch]
[lib_symbol_issues]: The current configuration does not include the symbol library 'ScottoKeebs'
    ; warning
    @(3900 mils, 2550 mils): Symbol S35 [Placeholder_Keyswitch]
[lib_symbol_issues]: The current configuration does not include the symbol library 'ScottoKeebs'
    ; warning
    @(1100 mils, 850 mils): Symbol S2 [Placeholder_Keyswitch]
[lib_symbol_issues]: The current configuration does not include the symbol library 'ScottoKeebs'
    ; warning
    @(700 mils, 850 mils): Symbol S1 [Placeholder_Keyswitch]
[lib_symbol_issues]: The current configuration does not include the symbol library 'ScottoKeebs'
    ; warning
    @(2300 mils, 1700 mils): Symbol S18 [Placeholder_Keyswitch]
[lib_symbol_issues]: The current configuration does not include the symbol library 'ScottoKeebs'
    ; warning
    @(700 mils, 1700 mils): Symbol S14 [Placeholder_Keyswitch]
[lib_symbol_issues]: The current configuration does not include the symbol library 'ScottoKeebs'
    ; warning
    @(1100 mils, 1700 mils): Symbol S15 [Placeholder_Keyswitch]
[lib_symbol_issues]: The current configuration does not include the symbol library 'ScottoKeebs'
    ; warning
    @(1500 mils, 850 mils): Symbol S3 [Placeholder_Keyswitch]
[lib_symbol_issues]: The current configuration does not include the symbol library 'ScottoKeebs'
    ; warning
    @(1900 mils, 1700 mils): Symbol S17 [Placeholder_Keyswitch]
[lib_symbol_issues]: The current configuration does not include the symbol library 'ScottoKeebs'
    ; warning
    @(1500 mils, 1700 mils): Symbol S16 [Placeholder_Keyswitch]
[lib_symbol_issues]: The current configuration does not include the symbol library 'ScottoKeebs'
    ; warning
    @(1900 mils, 850 mils): Symbol S4 [Placeholder_Keyswitch]
[lib_symbol_issues]: The current configuration does not include the symbol library 'ScottoKeebs'
    ; warning
    @(2300 mils, 850 mils): Symbol S5 [Placeholder_Keyswitch]
[lib_symbol_issues]: The current configuration does not include the symbol library 'ScottoKeebs'
    ; warning
    @(2700 mils, 850 mils): Symbol S6 [Placeholder_Keyswitch]
[lib_symbol_issues]: The current configuration does not include the symbol library 'ScottoKeebs'
    ; warning
    @(2700 mils, 1700 mils): Symbol S19 [Placeholder_Keyswitch]
[lib_symbol_issues]: The current configuration does not include the symbol library 'ScottoKeebs'
    ; warning
    @(3100 mils, 1700 mils): Symbol S20 [Placeholder_Keyswitch]
[lib_symbol_issues]: The current configuration does not include the symbol library 'ScottoKeebs'
    ; warning
    @(3500 mils, 1700 mils): Symbol S21 [Placeholder_Keyswitch]
[lib_symbol_issues]: The current configuration does not include the symbol library 'ScottoKeebs'
    ; warning
    @(2700 mils, 2550 mils): Symbol S32 [Placeholder_Keyswitch]
[lib_symbol_issues]: The current configuration does not include the symbol library 'ScottoKeebs'
    ; warning
    @(3100 mils, 850 mils): Symbol S7 [Placeholder_Keyswitch]
[lib_symbol_issues]: The current configuration does not include the symbol library 'ScottoKeebs'
    ; warning
    @(3500 mils, 850 mils): Symbol S8 [Placeholder_Keyswitch]
[lib_symbol_issues]: The current configuration does not include the symbol library 'ScottoKeebs'
    ; warning
    @(700 mils, 4250 mils): Symbol S53 [Placeholder_Keyswitch]
[lib_symbol_issues]: The current configuration does not include the symbol library 'ScottoKeebs'
    ; warning
    @(1500 mils, 3400 mils): Symbol S42 [Placeholder_Keyswitch]
[lib_symbol_issues]: The current configuration does not include the symbol library 'ScottoKeebs'
    ; warning
    @(1100 mils, 4250 mils): Symbol S54 [Placeholder_Keyswitch]
[lib_symbol_issues]: The current configuration does not include the symbol library 'ScottoKeebs'
    ; warning
    @(1500 mils, 4250 mils): Symbol S55 [Placeholder_Keyswitch]
[lib_symbol_issues]: The current configuration does not include the symbol library 'ScottoKeebs'
    ; warning
    @(1100 mils, 3400 mils): Symbol S41 [Placeholder_Keyswitch]
[lib_symbol_issues]: The current configuration does not include the symbol library 'ScottoKeebs'
    ; warning
    @(700 mils, 3400 mils): Symbol S40 [Placeholder_Keyswitch]
[lib_symbol_issues]: The current configuration does not include the symbol library 'ScottoKeebs'
    ; warning
    @(4300 mils, 850 mils): Symbol S10 [Placeholder_Keyswitch]
[lib_symbol_issues]: The current configuration does not include the symbol library 'ScottoKeebs'
    ; warning
    @(3900 mils, 850 mils): Symbol S9 [Placeholder_Keyswitch]
[lib_symbol_issues]: The current configuration does not include the symbol library 'ScottoKeebs'
    ; warning
    @(4300 mils, 1700 mils): Symbol S23 [Placeholder_Keyswitch]
[lib_symbol_issues]: The current configuration does not include the symbol library 'ScottoKeebs'
    ; warning
    @(3900 mils, 1700 mils): Symbol S22 [Placeholder_Keyswitch]
[lib_symbol_issues]: The current configuration does not include the symbol library 'ScottoKeebs'
    ; warning
    @(1500 mils, 2550 mils): Symbol S29 [Placeholder_Keyswitch]
[lib_symbol_issues]: The current configuration does not include the symbol library 'ScottoKeebs'
    ; warning
    @(1100 mils, 2550 mils): Symbol S28 [Placeholder_Keyswitch]
[lib_symbol_issues]: The current configuration does not include the symbol library 'ScottoKeebs'
    ; warning
    @(1900 mils, 2550 mils): Symbol S30 [Placeholder_Keyswitch]
[lib_symbol_issues]: The current configuration does not include the symbol library 'ScottoKeebs'
    ; warning
    @(2300 mils, 2550 mils): Symbol S31 [Placeholder_Keyswitch]
[lib_symbol_issues]: The current configuration does not include the symbol library 'ScottoKeebs'
    ; warning
    @(700 mils, 2550 mils): Symbol S27 [Placeholder_Keyswitch]
[lib_symbol_issues]: The current configuration does not include the symbol library 'ScottoKeebs'
    ; warning
    @(3100 mils, 4250 mils): Symbol S59 [Placeholder_Keyswitch]
[lib_symbol_issues]: The current configuration does not include the symbol library 'ScottoKeebs'
    ; warning
    @(3500 mils, 4250 mils): Symbol S60 [Placeholder_Keyswitch]
[lib_symbol_issues]: The current configuration does not include the symbol library 'ScottoKeebs'
    ; warning
    @(3500 mils, 3400 mils): Symbol S47 [Placeholder_Keyswitch]
[lib_symbol_issues]: The current configuration does not include the symbol library 'ScottoKeebs'
    ; warning
    @(3100 mils, 3400 mils): Symbol S46 [Placeholder_Keyswitch]
[lib_symbol_issues]: The current configuration does not include the symbol library 'ScottoKeebs'
    ; warning
    @(4300 mils, 3400 mils): Symbol S49 [Placeholder_Keyswitch]
[lib_symbol_issues]: The current configuration does not include the symbol library 'ScottoKeebs'
    ; warning
    @(3900 mils, 3400 mils): Symbol S48 [Placeholder_Keyswitch]
[lib_symbol_issues]: The current configuration does not include the symbol library 'ScottoKeebs'
    ; warning
    @(4300 mils, 4250 mils): Symbol S62 [Placeholder_Keyswitch]
[lib_symbol_issues]: The current configuration does not include the symbol library 'ScottoKeebs'
    ; warning
    @(3900 mils, 4250 mils): Symbol S61 [Placeholder_Keyswitch]
[lib_symbol_issues]: The current configuration does not include the symbol library 'ScottoKeebs'
    ; warning
    @(1900 mils, 4250 mils): Symbol S56 [Placeholder_Keyswitch]
[lib_symbol_issues]: The current configuration does not include the symbol library 'ScottoKeebs'
    ; warning
    @(2700 mils, 4250 mils): Symbol S58 [Placeholder_Keyswitch]
[lib_symbol_issues]: The current configuration does not include the symbol library 'ScottoKeebs'
    ; warning
    @(2300 mils, 4250 mils): Symbol S57 [Placeholder_Keyswitch]
[lib_symbol_issues]: The current configuration does not include the symbol library 'ScottoKeebs'
    ; warning
    @(1900 mils, 3400 mils): Symbol S43 [Placeholder_Keyswitch]
[lib_symbol_issues]: The current configuration does not include the symbol library 'ScottoKeebs'
    ; warning
    @(2700 mils, 3400 mils): Symbol S45 [Placeholder_Keyswitch]
[lib_symbol_issues]: The current configuration does not include the symbol library 'ScottoKeebs'
    ; warning
    @(2300 mils, 3400 mils): Symbol S44 [Placeholder_Keyswitch]
[lib_symbol_issues]: The current configuration does not include the symbol library 'ScottoKeebs'
    ; warning
    @(4300 mils, 5950 mils): Symbol S88 [Placeholder_Keyswitch]
[lib_symbol_issues]: The current configuration does not include the symbol library 'ScottoKeebs'
    ; warning
    @(4300 mils, 6900 mils): Symbol S101 [Placeholder_Keyswitch]
[lib_symbol_issues]: The current configuration does not include the symbol library 'ScottoKeebs'
    ; warning
    @(4700 mils, 5100 mils): Symbol S76 [Placeholder_Keyswitch]
[lib_symbol_issues]: The current configuration does not include the symbol library 'ScottoKeebs'
    ; warning
    @(5500 mils, 5950 mils): Symbol S91 [Placeholder_Keyswitch]
[lib_symbol_issues]: The current configuration does not include the symbol library 'ScottoKeebs'
    ; warning
    @(5100 mils, 5100 mils): Symbol S77 [Placeholder_Keyswitch]
[lib_symbol_issues]: The current configuration does not include the symbol library 'ScottoKeebs'
    ; warning
    @(4700 mils, 5950 mils): Symbol S89 [Placeholder_Keyswitch]
[lib_symbol_issues]: The current configuration does not include the symbol library 'ScottoKeebs'
    ; warning
    @(5100 mils, 5950 mils): Symbol S90 [Placeholder_Keyswitch]
[lib_symbol_issues]: The current configuration does not include the symbol library 'ScottoKeebs'
    ; warning
    @(5500 mils, 5100 mils): Symbol S78 [Placeholder_Keyswitch]
[lib_symbol_issues]: The current configuration does not include the symbol library 'ScottoKeebs'
    ; warning
    @(1900 mils, 5100 mils): Symbol S69 [Placeholder_Keyswitch]
[lib_symbol_issues]: The current configuration does not include the symbol library 'ScottoKeebs'
    ; warning
    @(1100 mils, 5100 mils): Symbol S67 [Placeholder_Keyswitch]
[lib_symbol_issues]: The current configuration does not include the symbol library 'ScottoKeebs'
    ; warning
    @(1500 mils, 5100 mils): Symbol S68 [Placeholder_Keyswitch]
[lib_symbol_issues]: The current configuration does not include the symbol library 'ScottoKeebs'
    ; warning
    @(700 mils, 5100 mils): Symbol S66 [Placeholder_Keyswitch]
[lib_symbol_issues]: The current configuration does not include the symbol library 'ScottoKeebs'
    ; warning
    @(5500 mils, 3400 mils): Symbol S52 [Placeholder_Keyswitch]
[lib_symbol_issues]: The current configuration does not include the symbol library 'ScottoKeebs'
    ; warning
    @(5100 mils, 3400 mils): Symbol S51 [Placeholder_Keyswitch]
[lib_symbol_issues]: The current configuration does not include the symbol library 'ScottoKeebs'
    ; warning
    @(5500 mils, 4250 mils): Symbol S65 [Placeholder_Keyswitch]
[lib_symbol_issues]: The current configuration does not include the symbol library 'ScottoKeebs'
    ; warning
    @(5100 mils, 4250 mils): Symbol S64 [Placeholder_Keyswitch]
[lib_symbol_issues]: The current configuration does not include the symbol library 'ScottoKeebs'
    ; warning
    @(4700 mils, 4250 mils): Symbol S63 [Placeholder_Keyswitch]
[lib_symbol_issues]: The current configuration does not include the symbol library 'ScottoKeebs'
    ; warning
    @(4700 mils, 3400 mils): Symbol S50 [Placeholder_Keyswitch]
[lib_symbol_issues]: The current configuration does not include the symbol library 'ScottoKeebs'
    ; warning
    @(4700 mils, 6900 mils): Symbol S102 [Placeholder_Keyswitch]
[lib_symbol_issues]: The current configuration does not include the symbol library 'ScottoKeebs'
    ; warning
    @(5100 mils, 6900 mils): Symbol S103 [Placeholder_Keyswitch]
[lib_symbol_issues]: The current configuration does not include the symbol library 'ScottoKeebs'
    ; warning
    @(3900 mils, 5100 mils): Symbol S74 [Placeholder_Keyswitch]
[lib_symbol_issues]: The current configuration does not include the symbol library 'ScottoKeebs'
    ; warning
    @(2700 mils, 5100 mils): Symbol S71 [Placeholder_Keyswitch]
[lib_symbol_issues]: The current configuration does not include the symbol library 'ScottoKeebs'
    ; warning
    @(2300 mils, 5100 mils): Symbol S70 [Placeholder_Keyswitch]
[lib_symbol_issues]: The current configuration does not include the symbol library 'ScottoKeebs'
    ; warning
    @(4300 mils, 5100 mils): Symbol S75 [Placeholder_Keyswitch]
[lib_symbol_issues]: The current configuration does not include the symbol library 'ScottoKeebs'
    ; warning
    @(3500 mils, 5100 mils): Symbol S73 [Placeholder_Keyswitch]
[lib_symbol_issues]: The current configuration does not include the symbol library 'ScottoKeebs'
    ; warning
    @(3100 mils, 5100 mils): Symbol S72 [Placeholder_Keyswitch]
[lib_symbol_issues]: The current configuration does not include the symbol library 'ScottoKeebs'
    ; warning
    @(5100 mils, 1700 mils): Symbol S25 [Placeholder_Keyswitch]
[lib_symbol_issues]: The current configuration does not include the symbol library 'ScottoKeebs'
    ; warning
    @(4700 mils, 1700 mils): Symbol S24 [Placeholder_Keyswitch]
[lib_symbol_issues]: The current configuration does not include the symbol library 'ScottoKeebs'
    ; warning
    @(5500 mils, 1700 mils): Symbol S26 [Placeholder_Keyswitch]
[lib_symbol_issues]: The current configuration does not include the symbol library 'ScottoKeebs'
    ; warning
    @(5500 mils, 850 mils): Symbol S13 [Placeholder_Keyswitch]
[lib_symbol_issues]: The current configuration does not include the symbol library 'ScottoKeebs'
    ; warning
    @(4700 mils, 850 mils): Symbol S11 [Placeholder_Keyswitch]
[lib_symbol_issues]: The current configuration does not include the symbol library 'ScottoKeebs'
    ; warning
    @(5100 mils, 850 mils): Symbol S12 [Placeholder_Keyswitch]
[lib_symbol_mismatch]: Symbol 'W25Q128JVS' doesn't match copy in library 'Memory_Flash'
    ; warning
    @(7250 mils, 4250 mils): Symbol U1 [W25Q128JVS]
[pin_to_pin]: Pins of type Unspecified and Passive are connected
    ; warning
    @(7650 mils, 5950 mils): Symbol X1 Pin 3 [3, Unspecified, Line]
    @(6950 mils, 6350 mils): Symbol R5 Pin 2 [Passive, Line]
[footprint_link_issues]: The current configuration does not include the footprint library ''.
    ; warning
    @(6650 mils, 5850 mils): Symbol X1 [ABM8-272-T3]
[pin_to_pin]: Pins of type Unspecified and Power input are connected
    ; warning
    @(6650 mils, 5950 mils): Symbol X1 Pin 2 [2, Unspecified, Line]
    @(6650 mils, 5950 mils): Symbol #PWR012 Pin 1 [Power input, Line]
[pin_to_pin]: Pins of type Unspecified and Passive are connected
    ; warning
    @(6650 mils, 5850 mils): Symbol X1 Pin 1 [1, Unspecified, Line]
    @(6600 mils, 5850 mils): Symbol C13 Pin 1 [Passive, Line]
[pin_to_pin]: Pins of type Unspecified and Power input are connected
    ; warning
    @(7650 mils, 5850 mils): Symbol X1 Pin 4 [4, Unspecified, Line]
    @(7750 mils, 6000 mils): Symbol #PWR013 Pin 1 [Power input, Line]
[lib_symbol_issues]: The current configuration does not include the symbol library 'ScottoKeebs'
    ; warning
    @(5100 mils, 2550 mils): Symbol S38 [Placeholder_Keyswitch]
[lib_symbol_issues]: The current configuration does not include the symbol library 'ScottoKeebs'
    ; warning
    @(4700 mils, 2550 mils): Symbol S37 [Placeholder_Keyswitch]
[lib_symbol_issues]: The current configuration does not include the symbol library 'ScottoKeebs'
    ; warning
    @(5500 mils, 2550 mils): Symbol S39 [Placeholder_Keyswitch]
[multiple_net_names]: Both +3V3 and IOVDD are attached to the same items; +3V3 will be used in the netlist
    ; warning
    @(6700 mils, 3750 mils): Symbol #PWR07 Pin 1 [Power input, Line]
    @(500 mils, 9600 mils): Label 'IOVDD'
[lib_symbol_issues]: The current configuration does not include the symbol library 'ScottoKeebs'
    ; warning
    @(1500 mils, 5950 mils): Symbol S81 [Placeholder_Keyswitch]
[lib_symbol_issues]: The current configuration does not include the symbol library 'ScottoKeebs'
    ; warning
    @(700 mils, 5950 mils): Symbol S79 [Placeholder_Keyswitch]
[lib_symbol_issues]: The current configuration does not include the symbol library 'ScottoKeebs'
    ; warning
    @(1100 mils, 5950 mils): Symbol S80 [Placeholder_Keyswitch]
[undefined_netclass]: Netclass  is not defined
    ; error
    @(600 mils, 6500 mils): Label 'Col_0'
[lib_symbol_issues]: The current configuration does not include the symbol library 'ScottoKeebs'
    ; warning
    @(1900 mils, 5950 mils): Symbol S82 [Placeholder_Keyswitch]
[lib_symbol_issues]: The current configuration does not include the symbol library 'ScottoKeebs'
    ; warning
    @(2300 mils, 5950 mils): Symbol S83 [Placeholder_Keyswitch]
[power_pin_not_driven]: Input Power pin not driven by any Output Power pins
    ; error
    @(800 mils, 9700 mils): Symbol U2 Pin 23 [DVDD, Power input, Line]
[multiple_net_names]: Both DVDD_L and VREG_VOUT_L are attached to the same items; DVDD_L will be used in the netlist
    ; warning
    @(500 mils, 9700 mils): Label 'DVDD_L'
    @(3200 mils, 8700 mils): Label 'VREG_VOUT_L'
[undefined_netclass]: Netclass  is not defined
    ; error
    @(500 mils, 8500 mils): Label 'Col_0'
[lib_symbol_issues]: The current configuration does not include the symbol library 'ScottoKeebs'
    ; warning
    @(3900 mils, 6900 mils): Symbol S100 [Placeholder_Keyswitch]
[lib_symbol_issues]: The current configuration does not include the symbol library 'ScottoKeebs'
    ; warning
    @(3500 mils, 6900 mils): Symbol S99 [Placeholder_Keyswitch]
[lib_symbol_issues]: The current configuration does not include the symbol library 'ScottoKeebs'
    ; warning
    @(3100 mils, 6900 mils): Symbol S98 [Placeholder_Keyswitch]
[lib_symbol_issues]: The current configuration does not include the symbol library 'ScottoKeebs'
    ; warning
    @(2700 mils, 6900 mils): Symbol S97 [Placeholder_Keyswitch]
[lib_symbol_issues]: The current configuration does not include the symbol library 'ScottoKeebs'
    ; warning
    @(3500 mils, 5950 mils): Symbol S86 [Placeholder_Keyswitch]
[lib_symbol_issues]: The current configuration does not include the symbol library 'ScottoKeebs'
    ; warning
    @(3900 mils, 5950 mils): Symbol S87 [Placeholder_Keyswitch]
[lib_symbol_issues]: The current configuration does not include the symbol library 'ScottoKeebs'
    ; warning
    @(2700 mils, 5950 mils): Symbol S84 [Placeholder_Keyswitch]
[lib_symbol_issues]: The current configuration does not include the symbol library 'ScottoKeebs'
    ; warning
    @(3100 mils, 5950 mils): Symbol S85 [Placeholder_Keyswitch]
[lib_symbol_issues]: The current configuration does not include the symbol library 'ScottoKeebs'
    ; warning
    @(1500 mils, 6900 mils): Symbol S94 [Placeholder_Keyswitch]
[footprint_link_issues]: The current configuration does not include the footprint library ''.
    ; warning
    @(800 mils, 7500 mils): Symbol U2 [SC091413]
[lib_symbol_issues]: The current configuration does not include the symbol library 'ScottoKeebs'
    ; warning
    @(700 mils, 6900 mils): Symbol S92 [Placeholder_Keyswitch]
[lib_symbol_issues]: The current configuration does not include the symbol library 'ScottoKeebs'
    ; warning
    @(1100 mils, 6900 mils): Symbol S93 [Placeholder_Keyswitch]
[lib_symbol_issues]: The current configuration does not include the symbol library 'ScottoKeebs'
    ; warning
    @(1900 mils, 6900 mils): Symbol S95 [Placeholder_Keyswitch]
[lib_symbol_issues]: The current configuration does not include the symbol library 'ScottoKeebs'
    ; warning
    @(2300 mils, 6900 mils): Symbol S96 [Placeholder_Keyswitch]

***** Sheet /LattePanda_mu/
[power_pin_not_driven]: Input Power pin not driven by any Output Power pins
    ; error
    @(7750 mils, 10350 mils): Symbol #PWR02 Pin 1 [Power input, Line]
[pin_not_driven]: Input pin not driven by any Output pins
    ; error
    @(3750 mils, 3650 mils): Symbol A1 Pin 18 [HSIO0_RX-, Input, Line]
[pin_not_driven]: Input pin not driven by any Output pins
    ; error
    @(3750 mils, 3550 mils): Symbol A1 Pin 16 [HSIO0_RX+, Input, Line]
[pin_to_pin]: Pins of type Output and Output are connected
    ; error
    @(6950 mils, 4200 mils): Symbol A1 Pin 90 [REFCLK3-, Output, Line]
    @(4400 mils, 6150 mils): Symbol J16 Pin 49 [REFCLKn0, Output, Line]
[pin_to_pin]: Pins of type Output and Output are connected
    ; error
    @(6950 mils, 4100 mils): Symbol A1 Pin 88 [REFCLK3+, Output, Line]
    @(4400 mils, 6050 mils): Symbol J16 Pin 47 [REFCLKp0, Output, Line]
[pin_to_pin]: Pins of type Output and Output are connected
    ; error
    @(6950 mils, 3350 mils): Symbol A1 Pin 105 [~{PLTRST}, Output, Line]
    @(4400 mils, 2950 mils): Symbol J16 Pin 52 [~{PERST0}, Output, Line]
[pin_not_driven]: Input pin not driven by any Output pins
    ; error
    @(3750 mils, 4850 mils): Symbol A1 Pin 36 [HSIO3_RX-, Input, Line]
[pin_not_driven]: Input pin not driven by any Output pins
    ; error
    @(3750 mils, 4750 mils): Symbol A1 Pin 34 [HSIO3_RX+, Input, Line]

***** Sheet /BMS/
[multiple_net_names]: Both VC4 and VC5 are attached to the same items; VC4 will be used in the netlist
    ; warning
    @(2300 mils, 1050 mils): Label 'VC4'
    @(2300 mils, 950 mils): Label 'VC5'
[multiple_net_names]: Both POS_RAIL and SYS_BAT+ are attached to the same items; POS_RAIL will be used in the netlist
    ; warning
    @(1100 mils, 700 mils): Label 'POS_RAIL'
    @(1500 mils, 4350 mils): Hierarchical Label 'SYS_BAT+'
[multiple_net_names]: Both PACK- and SYS_BAT- are attached to the same items; PACK- will be used in the netlist
    ; warning
    @(6400 mils, 1200 mils): Label 'PACK-'
    @(1500 mils, 4650 mils): Hierarchical Label 'SYS_BAT-'
[power_pin_not_driven]: Input Power pin not driven by any Output Power pins
    ; error
    @(2350 mils, 3950 mils): Symbol U3 Pin 1 [VDD, Power input, Line]
[power_pin_not_driven]: Input Power pin not driven by any Output Power pins
    ; error
    @(2350 mils, 4050 mils): Symbol U3 Pin 2 [AVDD, Power input, Line]
[footprint_link_issues]: The current configuration does not include the footprint library ''.
    ; warning
    @(2350 mils, 3950 mils): Symbol U3 [BQ7791500PWT]
[power_pin_not_driven]: Input Power pin not driven by any Output Power pins
    ; error
    @(1100 mils, 1400 mils): Symbol #PWR0108 Pin 1 [Power input, Line]
[multiple_net_names]: Both AVDD and CCFG are attached to the same items; AVDD will be used in the netlist
    ; warning
    @(1400 mils, 700 mils): Label 'AVDD'
    @(3950 mils, 4350 mils): Label 'CCFG'
[pin_to_pin]: Pins of type Unspecified and Passive are connected
    ; warning
    @(5100 mils, 1900 mils): Symbol U11 Pin 4 [S1, Unspecified, Line]
    @(5250 mils, 1350 mils): Symbol R_{GS}2 Pin 2 [Passive, Line]
[pin_to_pin]: Pins of type Unspecified and Passive are connected
    ; warning
    @(4500 mils, 1900 mils): Symbol U11 Pin 2 [S2, Unspecified, Line]
    @(4300 mils, 1350 mils): Symbol R_{GS}1 Pin 2 [Passive, Line]
[pin_to_pin]: Pins of type Unspecified and Passive are connected
    ; warning
    @(5100 mils, 1100 mils): Symbol U11 Pin 1 [G1, Unspecified, Line]
    @(5250 mils, 1050 mils): Symbol R_{CHG}1 Pin 2 [Passive, Line]
[pin_to_pin]: Pins of type Unspecified and Passive are connected
    ; warning
    @(4500 mils, 1100 mils): Symbol U11 Pin 3 [G2, Unspecified, Line]
    @(4300 mils, 1050 mils): Symbol R_{DSG}1 Pin 2 [Passive, Line]

***** Sheet /usbC_Switcher/
[power_pin_not_driven]: Input Power pin not driven by any Output Power pins
    ; error
    @(6650 mils, 1350 mils): Symbol U15 Pin 1 [VDD, Power input, Line]
[multiple_net_names]: Both VBUS and USB_PD_OUT are attached to the same items; VBUS will be used in the netlist
    ; warning
    @(950 mils, 2150 mils): Label 'VBUS'
    @(4000 mils, 1100 mils): Hierarchical Label 'USB_PD_OUT'

***** Sheet /Charging IC/
[lib_symbol_mismatch]: Symbol 'GND' doesn't match copy in library 'power'
    ; warning
    @(2300 mils, 2300 mils): Symbol #PWR051 [GND]
[lib_symbol_mismatch]: Symbol 'SIS412DN-T1-GE3' doesn't match copy in library 'SIS412DN'
    ; warning
    @(3550 mils, 4300 mils): Symbol MOSFET4(Q5)1 [SIS412DN-T1-GE3]
[pin_to_pin]: Pins of type Unspecified and Output are connected
    ; warning
    @(3550 mils, 4600 mils): Symbol MOSFET4(Q5)1 Pin 4 [G, Unspecified, Line]
    @(5700 mils, 2100 mils): Symbol U6 Pin 19 [LODRV, Output, Line]
[pin_to_pin]: Pins of type Unspecified and Unspecified are connected
    ; warning
    @(3550 mils, 4300 mils): Symbol MOSFET4(Q5)1 Pin 1 [S, Unspecified, Line]
    @(3550 mils, 4400 mils): Symbol MOSFET4(Q5)1 Pin 2 [S, Unspecified, Line]
[pin_to_pin]: Pins of type Unspecified and Unspecified are connected
    ; warning
    @(3550 mils, 4400 mils): Symbol MOSFET4(Q5)1 Pin 2 [S, Unspecified, Line]
    @(3550 mils, 4500 mils): Symbol MOSFET4(Q5)1 Pin 3 [S, Unspecified, Line]
[pin_to_pin]: Pins of type Unspecified and Power input are connected
    ; warning
    @(3550 mils, 4500 mils): Symbol MOSFET4(Q5)1 Pin 3 [S, Unspecified, Line]
    @(3300 mils, 4650 mils): Symbol #PWR057 Hidden pin 1 [GND, Power input, Line]
[lib_symbol_mismatch]: Symbol 'GND' doesn't match copy in library 'power'
    ; warning
    @(2650 mils, 3100 mils): Symbol #PWR055 [GND]
[lib_symbol_mismatch]: Symbol 'GND' doesn't match copy in library 'power'
    ; warning
    @(1500 mils, 4100 mils): Symbol #PWR056 [GND]
[lib_symbol_mismatch]: Symbol 'GND' doesn't match copy in library 'power'
    ; warning
    @(3300 mils, 4650 mils): Symbol #PWR057 [GND]
[pin_to_pin]: Pins of type Unspecified and Unspecified are connected
    ; warning
    @(2350 mils, 4750 mils): Symbol MOSFET2(Q4)1 Pin 8 [D, Unspecified, Line]
    @(2350 mils, 4650 mils): Symbol MOSFET2(Q4)1 Pin 9 [D, Unspecified, Line]
[pin_to_pin]: Pins of type Unspecified and Input are connected
    ; warning
    @(2350 mils, 4650 mils): Symbol MOSFET2(Q4)1 Pin 9 [D, Unspecified, Line]
    @(2900 mils, 1500 mils): Symbol U6 Pin 1 [ACN, Input, Line]
[lib_symbol_mismatch]: Symbol 'SIS412DN-T1-GE3' doesn't match copy in library 'SIS412DN'
    ; warning
    @(750 mils, 4750 mils): Symbol MOSFET2(Q4)1 [SIS412DN-T1-GE3]
[pin_to_pin]: Pins of type Unspecified and Output are connected
    ; warning
    @(750 mils, 5050 mils): Symbol MOSFET2(Q4)1 Pin 4 [G, Unspecified, Line]
    @(5700 mils, 1900 mils): Symbol U6 Pin 21 [HIDRV, Output, Line]
[pin_to_pin]: Pins of type Unspecified and Unspecified are connected
    ; warning
    @(750 mils, 4750 mils): Symbol MOSFET2(Q4)1 Pin 1 [S, Unspecified, Line]
    @(750 mils, 4850 mils): Symbol MOSFET2(Q4)1 Pin 2 [S, Unspecified, Line]
[pin_to_pin]: Pins of type Unspecified and Unspecified are connected
    ; warning
    @(750 mils, 4850 mils): Symbol MOSFET2(Q4)1 Pin 2 [S, Unspecified, Line]
    @(750 mils, 4950 mils): Symbol MOSFET2(Q4)1 Pin 3 [S, Unspecified, Line]
[pin_to_pin]: Pins of type Unspecified and Unspecified are connected
    ; warning
    @(750 mils, 4950 mils): Symbol MOSFET2(Q4)1 Pin 3 [S, Unspecified, Line]
    @(5150 mils, 4600 mils): Symbol MOSFET4(Q5)1 Pin 5 [D, Unspecified, Line]
[pin_to_pin]: Pins of type Unspecified and Unspecified are connected
    ; warning
    @(2350 mils, 5050 mils): Symbol MOSFET2(Q4)1 Pin 5 [D, Unspecified, Line]
    @(2350 mils, 4950 mils): Symbol MOSFET2(Q4)1 Pin 6 [D, Unspecified, Line]
[pin_to_pin]: Pins of type Unspecified and Unspecified are connected
    ; warning
    @(2350 mils, 4950 mils): Symbol MOSFET2(Q4)1 Pin 6 [D, Unspecified, Line]
    @(2350 mils, 4850 mils): Symbol MOSFET2(Q4)1 Pin 7 [D, Unspecified, Line]
[pin_to_pin]: Pins of type Unspecified and Unspecified are connected
    ; warning
    @(2350 mils, 4850 mils): Symbol MOSFET2(Q4)1 Pin 7 [D, Unspecified, Line]
    @(2350 mils, 4750 mils): Symbol MOSFET2(Q4)1 Pin 8 [D, Unspecified, Line]
[pin_to_pin]: Pins of type Unspecified and Unspecified are connected
    ; warning
    @(1850 mils, 7000 mils): Symbol ACFET1 Pin 8 [D, Unspecified, Line]
    @(1850 mils, 6900 mils): Symbol ACFET1 Pin 9 [D, Unspecified, Line]
[pin_to_pin]: Pins of type Unspecified and Passive are connected
    ; warning
    @(1850 mils, 6900 mils): Symbol ACFET1 Pin 9 [D, Unspecified, Line]
    @(1750 mils, 7200 mils): Symbol R50 Pin 1 [Passive, Line]
[lib_symbol_mismatch]: Symbol 'LED' doesn't match copy in library 'Device'
    ; warning
    @(1850 mils, 6150 mils): Symbol D112 [LED]
[power_pin_not_driven]: Input Power pin not driven by any Output Power pins
    ; error
    @(1500 mils, 6500 mils): Symbol #PWR029 Pin 1 [Power input, Line]
[lib_symbol_mismatch]: Symbol 'LED' doesn't match copy in library 'Device'
    ; warning
    @(2300 mils, 6150 mils): Symbol D113 [LED]
[lib_symbol_mismatch]: Symbol 'LED' doesn't match copy in library 'Device'
    ; warning
    @(2750 mils, 6150 mils): Symbol D114 [LED]
[lib_symbol_mismatch]: Symbol 'GND' doesn't match copy in library 'power'
    ; warning
    @(1750 mils, 2300 mils): Symbol #PWR066 [GND]
[lib_symbol_mismatch]: Symbol 'GND' doesn't match copy in library 'power'
    ; warning
    @(750 mils, 2250 mils): Symbol #PWR049 [GND]
[lib_symbol_mismatch]: Symbol 'GND' doesn't match copy in library 'power'
    ; warning
    @(1400 mils, 2300 mils): Symbol #PWR050 [GND]
[lib_symbol_mismatch]: Symbol 'GND' doesn't match copy in library 'power'
    ; warning
    @(1750 mils, 7700 mils): Symbol #PWR065 [GND]
[pin_to_pin]: Pins of type Unspecified and Unspecified are connected
    ; warning
    @(1850 mils, 7100 mils): Symbol ACFET1 Pin 7 [D, Unspecified, Line]
    @(1850 mils, 7000 mils): Symbol ACFET1 Pin 8 [D, Unspecified, Line]
[pin_to_pin]: Pins of type Unspecified and Unspecified are connected
    ; warning
    @(1850 mils, 7300 mils): Symbol ACFET1 Pin 5 [D, Unspecified, Line]
    @(1850 mils, 7200 mils): Symbol ACFET1 Pin 6 [D, Unspecified, Line]
[pin_to_pin]: Pins of type Unspecified and Unspecified are connected
    ; warning
    @(1850 mils, 7200 mils): Symbol ACFET1 Pin 6 [D, Unspecified, Line]
    @(1850 mils, 7100 mils): Symbol ACFET1 Pin 7 [D, Unspecified, Line]
[pin_to_pin]: Pins of type Unspecified and Passive are connected
    ; warning
    @(3450 mils, 7200 mils): Symbol ACFET1 Pin 3 [S, Unspecified, Line]
    @(3750 mils, 7250 mils): Symbol C47 Pin 1 [Passive, Line]
[pin_to_pin]: Pins of type Unspecified and Passive are connected
    ; warning
    @(3450 mils, 7300 mils): Symbol ACFET1 Pin 4 [G, Unspecified, Line]
    @(3750 mils, 7450 mils): Symbol C47 Pin 2 [Passive, Line]
[pin_to_pin]: Pins of type Unspecified and Unspecified are connected
    ; warning
    @(3450 mils, 7000 mils): Symbol ACFET1 Pin 1 [S, Unspecified, Line]
    @(3450 mils, 7100 mils): Symbol ACFET1 Pin 2 [S, Unspecified, Line]
[pin_to_pin]: Pins of type Unspecified and Unspecified are connected
    ; warning
    @(3450 mils, 7100 mils): Symbol ACFET1 Pin 2 [S, Unspecified, Line]
    @(3450 mils, 7200 mils): Symbol ACFET1 Pin 3 [S, Unspecified, Line]
[footprint_link_issues]: The current configuration does not include the footprint library ''.
    ; warning
    @(3450 mils, 7000 mils): Symbol ACFET1 [SI7617DN-T1-GE3]
[lib_symbol_mismatch]: Symbol 'GND' doesn't match copy in library 'power'
    ; warning
    @(6150 mils, 4800 mils): Symbol #PWR058 [GND]
[pin_to_pin]: Pins of type Unspecified and Unspecified are connected
    ; warning
    @(5150 mils, 4400 mils): Symbol MOSFET4(Q5)1 Pin 7 [D, Unspecified, Line]
    @(5150 mils, 4300 mils): Symbol MOSFET4(Q5)1 Pin 8 [D, Unspecified, Line]
[pin_to_pin]: Pins of type Unspecified and Passive are connected
    ; warning
    @(5150 mils, 4600 mils): Symbol MOSFET4(Q5)1 Pin 5 [D, Unspecified, Line]
    @(5250 mils, 4600 mils): Symbol L1 Pin 1 [Passive, Line]
[pin_to_pin]: Pins of type Unspecified and Unspecified are connected
    ; warning
    @(5150 mils, 4500 mils): Symbol MOSFET4(Q5)1 Pin 6 [D, Unspecified, Line]
    @(5150 mils, 4400 mils): Symbol MOSFET4(Q5)1 Pin 7 [D, Unspecified, Line]
[pin_to_pin]: Pins of type Unspecified and Unspecified are connected
    ; warning
    @(5150 mils, 4300 mils): Symbol MOSFET4(Q5)1 Pin 8 [D, Unspecified, Line]
    @(5150 mils, 4200 mils): Symbol MOSFET4(Q5)1 Pin 9 [D, Unspecified, Line]
[pin_to_pin]: Pins of type Unspecified and Passive are connected
    ; warning
    @(5150 mils, 4200 mils): Symbol MOSFET4(Q5)1 Pin 9 [D, Unspecified, Line]
    @(5250 mils, 4600 mils): Symbol L1 Pin 1 [Passive, Line]
[lib_symbol_mismatch]: Symbol 'GND' doesn't match copy in library 'power'
    ; warning
    @(4050 mils, 6800 mils): Symbol #PWR061 [GND]
[pin_to_pin]: Pins of type Unspecified and Unspecified are connected
    ; warning
    @(4250 mils, 7000 mils): Symbol ACFET2 Pin 1 [S, Unspecified, Line]
    @(4250 mils, 7100 mils): Symbol ACFET2 Pin 2 [S, Unspecified, Line]
[lib_symbol_mismatch]: Symbol 'SI7617DN-T1-GE3' doesn't match copy in library 'SI7617DN-T1-GE3'
    ; warning
    @(4250 mils, 7000 mils): Symbol ACFET2 [SI7617DN-T1-GE3]
[footprint_link_issues]: The current configuration does not include the footprint library ''.
    ; warning
    @(4250 mils, 7000 mils): Symbol ACFET2 [SI7617DN-T1-GE3]
[pin_to_pin]: Pins of type Unspecified and Unspecified are connected
    ; warning
    @(4250 mils, 7100 mils): Symbol ACFET2 Pin 2 [S, Unspecified, Line]
    @(4250 mils, 7200 mils): Symbol ACFET2 Pin 3 [S, Unspecified, Line]
[pin_to_pin]: Pins of type Unspecified and Passive are connected
    ; warning
    @(4250 mils, 7200 mils): Symbol ACFET2 Pin 3 [S, Unspecified, Line]
    @(3950 mils, 7250 mils): Symbol R51 Pin 1 [Passive, Line]
[pin_to_pin]: Pins of type Unspecified and Passive are connected
    ; warning
    @(4250 mils, 7300 mils): Symbol ACFET2 Pin 4 [G, Unspecified, Line]
    @(3950 mils, 7450 mils): Symbol R51 Pin 2 [Passive, Line]
[lib_symbol_mismatch]: Symbol 'GND' doesn't match copy in library 'power'
    ; warning
    @(6300 mils, 2900 mils): Symbol #PWR054 [GND]
[lib_symbol_mismatch]: Symbol 'GND' doesn't match copy in library 'power'
    ; warning
    @(6000 mils, 2300 mils): Symbol #PWR052 [GND]
[power_pin_not_driven]: Input Power pin not driven by any Output Power pins
    ; error
    @(5700 mils, 1600 mils): Symbol U6 Pin 24 [VCC, Power input, Line]
[lib_symbol_mismatch]: Symbol 'GND' doesn't match copy in library 'power'
    ; warning
    @(6100 mils, 1500 mils): Symbol #PWR090 [GND]
[lib_symbol_mismatch]: Symbol 'BAT54J' doesn't match copy in library 'Diode'
    ; warning
    @(7900 mils, 2000 mils): Symbol D111 [BAT54J]
[pin_to_pin]: Pins of type Output and Power output are connected
    ; error
    @(5700 mils, 2700 mils): Symbol U6 Pin 13 [SRN, Output, Line]
    @(1400 mils, 6900 mils): Symbol #FLG04 Pin 1 [Power output, Line]
[lib_symbol_mismatch]: Symbol 'GND' doesn't match copy in library 'power'
    ; warning
    @(7900 mils, 2450 mils): Symbol #PWR053 [GND]
[pin_to_pin]: Pins of type Unspecified and Unspecified are connected
    ; warning
    @(5850 mils, 7100 mils): Symbol ACFET2 Pin 7 [D, Unspecified, Line]
    @(5850 mils, 7000 mils): Symbol ACFET2 Pin 8 [D, Unspecified, Line]
[pin_to_pin]: Pins of type Unspecified and Unspecified are connected
    ; warning
    @(5850 mils, 7000 mils): Symbol ACFET2 Pin 8 [D, Unspecified, Line]
    @(5850 mils, 6900 mils): Symbol ACFET2 Pin 9 [D, Unspecified, Line]
[pin_to_pin]: Pins of type Unspecified and Passive are connected
    ; warning
    @(5850 mils, 6900 mils): Symbol ACFET2 Pin 9 [D, Unspecified, Line]
    @(5950 mils, 6850 mils): Symbol C44 Pin 2 [Passive, Line]
[pin_to_pin]: Pins of type Unspecified and Unspecified are connected
    ; warning
    @(5850 mils, 7200 mils): Symbol ACFET2 Pin 6 [D, Unspecified, Line]
    @(5850 mils, 7100 mils): Symbol ACFET2 Pin 7 [D, Unspecified, Line]
[lib_symbol_mismatch]: Symbol 'GND' doesn't match copy in library 'power'
    ; warning
    @(5950 mils, 7650 mils): Symbol #PWR064 [GND]
[pin_to_pin]: Pins of type Unspecified and Unspecified are connected
    ; warning
    @(5850 mils, 7300 mils): Symbol ACFET2 Pin 5 [D, Unspecified, Line]
    @(5850 mils, 7200 mils): Symbol ACFET2 Pin 6 [D, Unspecified, Line]
[lib_symbol_mismatch]: Symbol 'GND' doesn't match copy in library 'power'
    ; warning
    @(6950 mils, 7100 mils): Symbol #PWR062 [GND]
[lib_symbol_mismatch]: Symbol 'GND' doesn't match copy in library 'power'
    ; warning
    @(7150 mils, 7100 mils): Symbol #PWR063 [GND]
[pin_to_pin]: Pins of type Unspecified and Unspecified are connected
    ; warning
    @(7600 mils, 6450 mils): Symbol BATFET1 Pin 2 [S, Unspecified, Line]
    @(7500 mils, 6450 mils): Symbol BATFET1 Pin 3 [S, Unspecified, Line]
[pin_to_pin]: Pins of type Unspecified and Passive are connected
    ; warning
    @(7500 mils, 6450 mils): Symbol BATFET1 Pin 3 [S, Unspecified, Line]
    @(7150 mils, 6650 mils): Symbol C39 Pin 1 [Passive, Line]
[pin_to_pin]: Pins of type Unspecified and Passive are connected
    ; warning
    @(7400 mils, 6450 mils): Symbol BATFET1 Pin 4 [G, Unspecified, Line]
    @(7150 mils, 6450 mils): Symbol C39 Pin 2 [Passive, Line]
[lib_symbol_mismatch]: Symbol 'GND' doesn't match copy in library 'power'
    ; warning
    @(6900 mils, 5400 mils): Symbol #PWR060 [GND]
[multiple_net_names]: Both ACN and SYSTEM+ are attached to the same items; ACN will be used in the netlist
    ; warning
    @(2350 mils, 4750 mils): Label 'ACN'
    @(7700 mils, 6650 mils): Hierarchical Label 'SYSTEM+'
[pin_to_pin]: Pins of type Unspecified and Unspecified are connected
    ; warning
    @(7700 mils, 6450 mils): Symbol BATFET1 Pin 1 [S, Unspecified, Line]
    @(7600 mils, 6450 mils): Symbol BATFET1 Pin 2 [S, Unspecified, Line]
[lib_symbol_mismatch]: Symbol 'SI7617DN-T1-GE3' doesn't match copy in library 'SI7617DN-T1-GE3'
    ; warning
    @(7700 mils, 6450 mils): Symbol BATFET1 [SI7617DN-T1-GE3]
[footprint_link_issues]: The current configuration does not include the footprint library ''.
    ; warning
    @(7700 mils, 6450 mils): Symbol BATFET1 [SI7617DN-T1-GE3]
[pin_to_pin]: Pins of type Unspecified and Unspecified are connected
    ; warning
    @(7500 mils, 4850 mils): Symbol BATFET1 Pin 6 [D, Unspecified, Line]
    @(7600 mils, 4850 mils): Symbol BATFET1 Pin 7 [D, Unspecified, Line]
[pin_to_pin]: Pins of type Unspecified and Unspecified are connected
    ; warning
    @(7600 mils, 4850 mils): Symbol BATFET1 Pin 7 [D, Unspecified, Line]
    @(7700 mils, 4850 mils): Symbol BATFET1 Pin 8 [D, Unspecified, Line]
[pin_to_pin]: Pins of type Unspecified and Unspecified are connected
    ; warning
    @(7400 mils, 4850 mils): Symbol BATFET1 Pin 5 [D, Unspecified, Line]
    @(7500 mils, 4850 mils): Symbol BATFET1 Pin 6 [D, Unspecified, Line]
[pin_to_pin]: Pins of type Unspecified and Unspecified are connected
    ; warning
    @(7700 mils, 4850 mils): Symbol BATFET1 Pin 8 [D, Unspecified, Line]
    @(7800 mils, 4850 mils): Symbol BATFET1 Pin 9 [D, Unspecified, Line]
[pin_to_pin]: Pins of type Unspecified and Passive are connected
    ; warning
    @(7800 mils, 4850 mils): Symbol BATFET1 Pin 9 [D, Unspecified, Line]
    @(7100 mils, 4600 mils): Symbol C42 Pin 1 [Passive, Line]
[lib_symbol_mismatch]: Symbol 'GND' doesn't match copy in library 'power'
    ; warning
    @(6300 mils, 4800 mils): Symbol #PWR059 [GND]
[multiple_net_names]: Both VBAT and PACK+ are attached to the same items; VBAT will be used in the netlist
    ; warning
    @(5700 mils, 2900 mils): Label 'VBAT'
    @(7750 mils, 4600 mils): Hierarchical Label 'PACK+'

***** Sheet /m.2_E_Key/
[lib_symbol_mismatch]: Symbol 'Bus_M.2_Socket_E' doesn't match copy in library 'Connector'
    ; warning
    @(5400 mils, 4650 mils): Symbol J16 [Bus_M.2_Socket_E]

***** Sheet /m.2_B_Key/
[pin_to_pin]: Pins of type Unspecified and Passive are connected
    ; warning
    @(2850 mils, 7500 mils): Symbol J7 Pin C2 [C2, Unspecified, Line]
    @(1050 mils, 5350 mils): Symbol R82 Pin 1 [Passive, Line]
[pin_to_pin]: Pins of type Unspecified and Power input are connected
    ; warning
    @(2850 mils, 7400 mils): Symbol J7 Pin C1 [C1, Unspecified, Line]
    @(2850 mils, 7300 mils): Symbol #PWR046 Pin 1 [Power input, Line]
[pin_to_pin]: Pins of type Unspecified and Passive are connected
    ; warning
    @(2850 mils, 7700 mils): Symbol J7 Pin C5 [C5, Unspecified, Line]
    @(3150 mils, 7800 mils): Symbol C73 Pin 1 [Passive, Line]
[pin_to_pin]: Pins of type Unspecified and Passive are connected
    ; warning
    @(2850 mils, 7600 mils): Symbol J7 Pin C3 [C3, Unspecified, Line]
    @(1600 mils, 9650 mils): Symbol D119 Pin 2 [A2, Passive, Line]
[pin_to_pin]: Pins of type Unspecified and Passive are connected
    ; warning
    @(2850 mils, 7800 mils): Symbol J7 Pin C6 [C6, Unspecified, Line]
    @(2950 mils, 7800 mils): Symbol C73 Pin 2 [Passive, Line]
[pin_to_pin]: Pins of type Unspecified and Passive are connected
    ; warning
    @(2850 mils, 7900 mils): Symbol J7 Pin C7 [C7, Unspecified, Line]
    @(1050 mils, 5150 mils): Symbol R12 Pin 1 [Passive, Line]
[pin_to_pin]: Pins of type Unspecified and Passive are connected
    ; warning
    @(2850 mils, 8000 mils): Symbol J7 Pin CSW [CSW, Unspecified, Line]
    @(2300 mils, 9650 mils): Symbol D121 Pin 2 [A2, Passive, Line]
[pin_to_pin]: Pins of type Unspecified and Unspecified are connected
    ; warning
    @(1250 mils, 7400 mils): Symbol J7 Pin DSW [DSW, Unspecified, Line]
    @(1250 mils, 7900 mils): Symbol J7 Pin GND1 [GND1, Unspecified, Line]
[pin_to_pin]: Pins of type Unspecified and Unspecified are connected
    ; warning
    @(1250 mils, 7900 mils): Symbol J7 Pin GND1 [GND1, Unspecified, Line]
    @(1250 mils, 8000 mils): Symbol J7 Pin GND2 [GND2, Unspecified, Line]
[pin_to_pin]: Pins of type Unspecified and Unspecified are connected
    ; warning
    @(1250 mils, 8000 mils): Symbol J7 Pin GND2 [GND2, Unspecified, Line]
    @(1250 mils, 8100 mils): Symbol J7 Pin GND3 [GND3, Unspecified, Line]
[footprint_link_issues]: The current configuration does not include the footprint library ''.
    ; warning
    @(1250 mils, 7400 mils): Symbol J7 [SF72S006VBDR2500]
[pin_to_pin]: Pins of type Unspecified and Unspecified are connected
    ; warning
    @(1250 mils, 8400 mils): Symbol J7 Pin GND6 [GND6, Unspecified, Line]
    @(1250 mils, 8500 mils): Symbol J7 Pin GND7 [GND7, Unspecified, Line]
[pin_to_pin]: Pins of type Unspecified and Unspecified are connected
    ; warning
    @(1250 mils, 8100 mils): Symbol J7 Pin GND3 [GND3, Unspecified, Line]
    @(1250 mils, 8200 mils): Symbol J7 Pin GND4 [GND4, Unspecified, Line]
[pin_to_pin]: Pins of type Unspecified and Unspecified are connected
    ; warning
    @(1250 mils, 8200 mils): Symbol J7 Pin GND4 [GND4, Unspecified, Line]
    @(1250 mils, 8300 mils): Symbol J7 Pin GND5 [GND5, Unspecified, Line]
[pin_to_pin]: Pins of type Unspecified and Unspecified are connected
    ; warning
    @(1250 mils, 8300 mils): Symbol J7 Pin GND5 [GND5, Unspecified, Line]
    @(1250 mils, 8400 mils): Symbol J7 Pin GND6 [GND6, Unspecified, Line]
[pin_to_pin]: Pins of type Unspecified and Unspecified are connected
    ; warning
    @(1250 mils, 8500 mils): Symbol J7 Pin GND7 [GND7, Unspecified, Line]
    @(1250 mils, 8600 mils): Symbol J7 Pin GND8 [GND8, Unspecified, Line]
[pin_to_pin]: Pins of type Unspecified and Unspecified are connected
    ; warning
    @(1250 mils, 8600 mils): Symbol J7 Pin GND8 [GND8, Unspecified, Line]
    @(1250 mils, 8700 mils): Symbol J7 Pin GND9 [GND9, Unspecified, Line]
[pin_to_pin]: Pins of type Unspecified and Unspecified are connected
    ; warning
    @(1250 mils, 8700 mils): Symbol J7 Pin GND9 [GND9, Unspecified, Line]
    @(1250 mils, 8800 mils): Symbol J7 Pin GND10 [GND10, Unspecified, Line]
[pin_to_pin]: Pins of type Unspecified and Power input are connected
    ; warning
    @(1250 mils, 8800 mils): Symbol J7 Pin GND10 [GND10, Unspecified, Line]
    @(1050 mils, 8850 mils): Symbol #PWR091 Pin 1 [Power input, Line]
[lib_symbol_mismatch]: Symbol 'Bus_M.2_Socket_B' doesn't match copy in library 'Connector'
    ; warning
    @(4250 mils, 4450 mils): Symbol J4 [Bus_M.2_Socket_B]
[power_pin_not_driven]: Input Power pin not driven by any Output Power pins
    ; error
    @(700 mils, 4450 mils): Symbol #PWR024 Pin 1 [Power input, Line]

***** Sheet /VRM/
[lib_symbol_mismatch]: Symbol 'LED' doesn't match copy in library 'Device'
    ; warning
    @(7300 mils, 4500 mils): Symbol D116 [LED]
[lib_symbol_mismatch]: Symbol 'PMOS' doesn't match copy in library 'Simulation_SPICE'
    ; warning
    @(3000 mils, 6150 mils): Symbol Q9 [PMOS]
[lib_symbol_mismatch]: Symbol 'PMOS' doesn't match copy in library 'Simulation_SPICE'
    ; warning
    @(2250 mils, 6400 mils): Symbol Q10 [PMOS]
[footprint_link_issues]: The current configuration does not include the footprint library ''.
    ; warning
    @(3200 mils, 1750 mils): Symbol U7 [TPS40345DRCR]
[power_pin_not_driven]: Input Power pin not driven by any Output Power pins
    ; error
    @(4100 mils, 1650 mils): Symbol U7 Pin 8 [SW, Power input, Line]
[power_pin_not_driven]: Input Power pin not driven by any Output Power pins
    ; error
    @(4100 mils, 1250 mils): Symbol U7 Pin 6 [BOOT, Power input, Line]

***** Sheet /CPU_FAN/
[lib_symbol_mismatch]: Symbol 'Fan_4pin' doesn't match copy in library 'Motor'
    ; warning
    @(7800 mils, 3600 mils): Symbol M1 [Fan_4pin]

***** Sheet /HDMI/
[lib_symbol_mismatch]: Symbol 'HDMI_A' doesn't match copy in library 'Connector'
    ; warning
    @(7050 mils, 2850 mils): Symbol J6 [HDMI_A]
[power_pin_not_driven]: Input Power pin not driven by any Output Power pins
    ; error
    @(7050 mils, 1750 mils): Symbol J6 Pin 18 [+5V, Power input, Line]

***** Sheet /USBA_2.0/
[unconnected_wire_endpoint]: Unconnected wire endpoint
    ; warning
    @(5300 mils, 2650 mils): Horizontal Wire, length 550 mils
[unconnected_wire_endpoint]: Unconnected wire endpoint
    ; warning
    @(5300 mils, 3050 mils): Horizontal Wire, length 550 mils
[lib_symbol_mismatch]: Symbol 'USB_A_Stacked' doesn't match copy in library 'Connector'
    ; warning
    @(6450 mils, 2000 mils): Symbol J5 [USB_A_Stacked]
[power_pin_not_driven]: Input Power pin not driven by any Output Power pins
    ; error
    @(6050 mils, 1600 mils): Symbol J5 Pin 1 [VBUS1, Power input, Line]
[power_pin_not_driven]: Input Power pin not driven by any Output Power pins
    ; error
    @(6050 mils, 1700 mils): Symbol J5 Pin 5 [VBUS2, Power input, Line]
[multiple_net_names]: Both CON_USB2_D_P and USB_2_P3+ are attached to the same items; CON_USB2_D_P will be used in the netlist
    ; warning
    @(5300 mils, 3050 mils): Label 'CON_USB2_D_P'
    @(2050 mils, 2100 mils): Hierarchical Label 'USB_2_P3+'
[multiple_net_names]: Both CON_USB2_D_N and USB_2_P3- are attached to the same items; CON_USB2_D_N will be used in the netlist
    ; warning
    @(5350 mils, 2650 mils): Label 'CON_USB2_D_N'
    @(2050 mils, 2200 mils): Hierarchical Label 'USB_2_P3-'
[multiple_net_names]: Both CON_USB1_D_P and USB_2_P5+ are attached to the same items; CON_USB1_D_P will be used in the netlist
    ; warning
    @(3700 mils, 2650 mils): Label 'CON_USB1_D_P'
    @(2050 mils, 1900 mils): Hierarchical Label 'USB_2_P5+'
[multiple_net_names]: Both CON_USB1_D_N and USB_2_P5- are attached to the same items; CON_USB1_D_N will be used in the netlist
    ; warning
    @(3700 mils, 3050 mils): Label 'CON_USB1_D_N'
    @(2050 mils, 2000 mils): Hierarchical Label 'USB_2_P5-'

 ** ERC messages: 274  Errors 24  Warnings 250
